exports[`userForRelay > queries Create user mutation 1`] = `
Object {
  "age": 24,
  "contacts": Object {
    "email": "mail@example.com",
    "phones": Array [
      "111-222-333-444",
      "444-555-666-777",
    ],
  },
  "gender": "ladyboy",
  "name": "My Name",
}
`;

exports[`userForRelay > queries Create user mutation 2`] = `"1"`;

exports[`userForRelay > queries Relay Connection 1`] = `
Object {
  "data": Object {
    "userConnection": Object {
      "edges": Array [
        Object {
          "cursor": "eyJfaWQiOiI1N2JiNDRkZDIxZDJiZWZiN2NhM2YwMDEifQ==",
          "node": Object {
            "_id": "57bb44dd21d2befb7ca3f001",
            "id": "VXNlcjo1N2JiNDRkZDIxZDJiZWZiN2NhM2YwMDE=",
            "name": "User 1",
          },
        },
        Object {
          "cursor": "eyJfaWQiOiI1N2JiNDRkZDIxZDJiZWZiN2NhM2YwMDIifQ==",
          "node": Object {
            "_id": "57bb44dd21d2befb7ca3f002",
            "id": "VXNlcjo1N2JiNDRkZDIxZDJiZWZiN2NhM2YwMDI=",
            "name": "User 2",
          },
        },
        Object {
          "cursor": "eyJfaWQiOiI1N2JiNDRkZDIxZDJiZWZiN2NhM2YwMDMifQ==",
          "node": Object {
            "_id": "57bb44dd21d2befb7ca3f003",
            "id": "VXNlcjo1N2JiNDRkZDIxZDJiZWZiN2NhM2YwMDM=",
            "name": "User 3",
          },
        },
      ],
    },
  },
}
`;

exports[`userForRelay > queries Relay node 1`] = `
Object {
  "data": Object {
    "node": Object {
      "_id": "57bb44dd21d2befb7ca3f010",
      "age": 21,
      "gender": "female",
      "id": "VXNlcjo1N2JiNDRkZDIxZDJiZWZiN2NhM2YwMTA=",
      "name": "User 10",
    },
  },
}
`;
